<?xml version="1.0" encoding="utf-8"?><testsuites name="pytest tests"><testsuite name="pytest" errors="0" failures="0" skipped="0" tests="184" time="33.287" timestamp="2026-10-07T16:48:05.552223+05:30" hostname="LAPTOP-F7CA4791"><testcase classname="tests.test_account" name="test_account_page" time="0.485" /><testcase classname="tests.test_account" name="test_update_profile" time="0.212" /><testcase classname="tests.test_account" name="test_update_profile_rejects_bad_price[0]" time="0.191" /><testcase classname="tests.test_account" name="test_update_profile_rejects_bad_price[-3]" time="0.188" /><testcase classname="tests.test_account" name="test_update_profile_rejects_bad_price[101]" time="0.198" /><testcase classname="tests.test_account" name="test_update_profile_rejects_bad_price[abc]" time="0.187" /><testcase classname="tests.test_account" name="test_update_profile_rejects_bad_price[]" time="0.200" /><testcase classname="tests.test_account" name="test_update_profile_rejects_bad_price[nan]" time="0.220" /><testcase classname="tests.test_account" name="test_update_profile_rejects_empty_name" time="0.203" /><testcase classname="tests.test_account" name="test_change_password_flow" time="0.189" /><testcase classname="tests.test_account" name="test_change_password_errors[WrongOld11-Monsoon2025-Monsoon2025-Current password is wrong]" time="0.187" /><testcase classname="tests.test_account" name="test_change_password_errors[Sunrise2024-short-short-at least 8]" time="0.187" /><testcase classname="tests.test_account" name="test_change_password_errors[Sunrise2024-Monsoon2025-Monsoon2026-match]" time="0.184" /><testcase classname="tests.test_account" name="test_change_password_errors[Sunrise2024-Sunrise2024-Sunrise2024-must be different]" time="0.198" /><testcase classname="tests.test_account" name="test_unknown_account_action" time="0.200" /><testcase classname="tests.test_account" name="test_delete_account_needs_password" time="0.204" /><testcase classname="tests.test_account" name="test_delete_account_removes_everything" time="0.374" /><testcase classname="tests.test_api" name="test_me" time="0.160" /><testcase classname="tests.test_api" name="test_vehicles_shape" time="0.154" /><testcase classname="tests.test_api" name="test_per_page_is_bounded[5-5]" time="0.161" /><testcase classname="tests.test_api" name="test_per_page_is_bounded[500-100]" time="0.172" /><testcase classname="tests.test_api" name="test_per_page_is_bounded[0-1]" time="0.150" /><testcase classname="tests.test_api" name="test_bad_params_return_400[year=twenty]" time="0.145" /><testcase classname="tests.test_api" name="test_bad_params_return_400[min_eff=-2]" time="0.164" /><testcase classname="tests.test_api" name="test_bad_params_return_400[page=x]" time="0.166" /><testcase classname="tests.test_api" name="test_bad_params_return_400[per_page=lots]" time="0.154" /><testcase classname="tests.test_api" name="test_bad_params_return_400[min_eff=nan]" time="0.153" /><testcase classname="tests.test_api" name="test_single_vehicle" time="0.153" /><testcase classname="tests.test_api" name="test_single_vehicle_404" time="0.151" /><testcase classname="tests.test_api" name="test_stats" time="0.147" /><testcase classname="tests.test_api" name="test_estimate_uses_user_price_by_default" time="0.165" /><testcase classname="tests.test_api" name="test_estimate_respects_profile_price" time="0.168" /><testcase classname="tests.test_api" name="test_estimate_errors[distance_km=10-400]" time="0.148" /><testcase classname="tests.test_api" name="test_estimate_errors[vehicle_id=3-400]" time="0.161" /><testcase classname="tests.test_api" name="test_estimate_errors[vehicle_id=3&amp;distance_km=-5-400]" time="0.147" /><testcase classname="tests.test_api" name="test_estimate_errors[vehicle_id=3&amp;distance_km=10&amp;price_per_kwh=500-400]" time="0.151" /><testcase classname="tests.test_api" name="test_estimate_errors[vehicle_id=99999&amp;distance_km=10-404]" time="0.161" /><testcase classname="tests.test_api" name="test_saved_list" time="0.166" /><testcase classname="tests.test_api" name="test_api_is_read_only" time="0.155" /><testcase classname="tests.test_auth" name="test_register_page_loads" time="0.133" /><testcase classname="tests.test_auth" name="test_register_creates_user_and_logs_in" time="0.233" /><testcase classname="tests.test_auth" name="test_register_lowercases_email" time="0.144" /><testcase classname="tests.test_auth" name="test_register_rejects_duplicate_email_case_insensitive" time="0.164" /><testcase classname="tests.test_auth" name="test_register_validation[name--Name is required]" time="0.150" /><testcase classname="tests.test_auth" name="test_register_validation[name-xxxxxxxxxxxxxxxxxxxxxxxxxxxxxxxxxxxxxxxxxxxxxxxxxxxxxxxxxxxxx-longer than 60]" time="0.140" /><testcase classname="tests.test_auth" name="test_register_validation[email--Email is required]" time="0.137" /><testcase classname="tests.test_auth" name="test_register_validation[email-not-an-email-valid email]" time="0.137" /><testcase classname="tests.test_auth" name="test_register_validation[email-a@b-valid email]" time="0.140" /><testcase classname="tests.test_auth" name="test_register_validation[password-short1-at least 8 characters]" time="0.132" /><testcase classname="tests.test_auth" name="test_register_validation[password-allletters-one letter and one number]" time="0.160" /><testcase classname="tests.test_auth" name="test_register_validation[password-12345678-one letter and one number]" time="0.151" /><testcase classname="tests.test_auth" name="test_register_validation[password-a1a1a1a1a1a1a1a1a1a1a1a1a1a1a1a1a1a1a1a1a1a1a1a1a1a1a1a1a1a1a1a1a1a1a1a1a1a1a1a1a1a1a1a1a1a1a1a1a1a1a1a1a1a1a1a1a1a1a1a1a1a1a1a1a1-longer than 128]" time="0.149" /><testcase classname="tests.test_auth" name="test_register_password_mismatch" time="0.134" /><testcase classname="tests.test_auth" name="test_register_keeps_entered_values_on_error" time="0.129" /><testcase classname="tests.test_auth" name="test_login_success" time="0.144" /><testcase classname="tests.test_auth" name="test_login_wrong_password" time="0.154" /><testcase classname="tests.test_auth" name="test_login_unknown_email_gives_same_message" time="0.340" /><testcase classname="tests.test_auth" name="test_login_is_case_insensitive_on_email" time="0.155" /><testcase classname="tests.test_auth" name="test_account_locks_after_five_failures" time="0.223" /><testcase classname="tests.test_auth" name="test_lock_expires" time="0.261" /><testcase classname="tests.test_auth" name="test_successful_login_resets_failure_count" time="0.232" /><testcase classname="tests.test_auth" name="test_logout" time="0.174" /><testcase classname="tests.test_auth" name="test_logout_requires_post" time="0.213" /><testcase classname="tests.test_auth" name="test_remember_me_sets_persistent_cookie" time="0.146" /><testcase classname="tests.test_auth" name="test_without_remember_cookie_is_session_only" time="0.157" /><testcase classname="tests.test_auth" name="test_login_redirects_to_next" time="0.146" /><testcase classname="tests.test_auth" name="test_login_ignores_external_next[https://evil.example]" time="0.162" /><testcase classname="tests.test_auth" name="test_login_ignores_external_next[//evil.example]" time="0.150" /><testcase classname="tests.test_auth" name="test_login_ignores_external_next[/\\evil.example]" time="0.156" /><testcase classname="tests.test_auth" name="test_login_ignores_external_next[javascript:alert(1)]" time="0.148" /><testcase classname="tests.test_auth" name="test_logged_in_user_skips_login_and_register" time="0.164" /><testcase classname="tests.test_auth" name="test_root_redirects_by_auth_state" time="0.179" /><testcase classname="tests.test_security" name="test_pages_need_login[/dashboard]" time="0.089" /><testcase classname="tests.test_security" name="test_pages_need_login[/vehicles]" time="0.081" /><testcase classname="tests.test_security" name="test_pages_need_login[/vehicles/1]" time="0.094" /><testcase classname="tests.test_security" name="test_pages_need_login[/saved]" time="0.094" /><testcase classname="tests.test_security" name="test_pages_need_login[/trips]" time="0.085" /><testcase classname="tests.test_security" name="test_pages_need_login[/account]" time="0.085" /><testcase classname="tests.test_security" name="test_api_needs_login[/api/me]" time="0.089" /><testcase classname="tests.test_security" name="test_api_needs_login[/api/vehicles]" time="0.089" /><testcase classname="tests.test_security" name="test_api_needs_login[/api/vehicles/1]" time="0.085" /><testcase classname="tests.test_security" name="test_api_needs_login[/api/stats]" time="0.096" /><testcase classname="tests.test_security" name="test_api_needs_login[/api/saved]" time="0.107" /><testcase classname="tests.test_security" name="test_api_needs_login[/api/estimate?vehicle_id=1&amp;distance_km=10]" time="0.080" /><testcase classname="tests.test_security" name="test_protected_posts_need_login[/vehicles/1/save]" time="0.141" /><testcase classname="tests.test_security" name="test_protected_posts_need_login[/trips]" time="0.154" /><testcase classname="tests.test_security" name="test_protected_posts_need_login[/trips/1/delete]" time="0.138" /><testcase classname="tests.test_security" name="test_protected_posts_need_login[/account]" time="0.182" /><testcase classname="tests.test_security" name="test_post_without_csrf_token_rejected" time="0.119" /><testcase classname="tests.test_security" name="test_post_with_wrong_csrf_token_rejected" time="0.163" /><testcase classname="tests.test_security" name="test_logout_without_csrf_is_rejected" time="0.213" /><testcase classname="tests.test_security" name="test_login_starts_a_fresh_session" time="0.233" /><testcase classname="tests.test_security" name="test_password_change_signs_out_other_sessions" time="0.363" /><testcase classname="tests.test_security" name="test_sign_out_everywhere" time="0.261" /><testcase classname="tests.test_security" name="test_tampered_session_cookie_is_ignored" time="0.285" /><testcase classname="tests.test_security" name="test_deleted_user_session_is_dropped" time="0.271" /><testcase classname="tests.test_security" name="test_security_headers" time="0.167" /><testcase classname="tests.test_security" name="test_authenticated_pages_not_cached" time="0.306" /><testcase classname="tests.test_security" name="test_names_are_html_escaped" time="0.321" /><testcase classname="tests.test_security" name="test_sql_injection_in_login_fails" time="0.453" /><testcase classname="tests.test_security" name="test_sql_injection_in_search_is_treated_as_text" time="0.283" /><testcase classname="tests.test_security" name="test_sql_injection_in_sort_falls_back_to_default" time="0.241" /><testcase classname="tests.test_security" name="test_cannot_delete_someone_elses_trip" time="0.276" /><testcase classname="tests.test_security" name="test_users_only_see_their_own_data" time="0.308" /><testcase classname="tests.test_units" name="test_validate_password[abcdefg1-True]" time="0.003" /><testcase classname="tests.test_units" name="test_validate_password[abcdef1-False]" time="0.003" /><testcase classname="tests.test_units" name="test_validate_password[A1bbbbbbbbbbbbbbbbbbbbbbbbbbbbbbbbbbbbbbbbbbbbbbbbbbbbbbbbbbbbbbbbbbbbbbbbbbbbbbbbbbbbbbbbbbbbbbbbbbbbbbbbbbbbbbbbbbbbbbbbbbbbbb-True]" time="0.004" /><testcase classname="tests.test_units" name="test_validate_password[A1bbbbbbbbbbbbbbbbbbbbbbbbbbbbbbbbbbbbbbbbbbbbbbbbbbbbbbbbbbbbbbbbbbbbbbbbbbbbbbbbbbbbbbbbbbbbbbbbbbbbbbbbbbbbbbbbbbbbbbbbbbbbbbb-False]" time="0.003" /><testcase classname="tests.test_units" name="test_validate_password[abcdefgh-False]" time="0.003" /><testcase classname="tests.test_units" name="test_validate_password[12345678-False]" time="0.003" /><testcase classname="tests.test_units" name="test_validate_password[Pass word 9-True]" time="0.003" /><testcase classname="tests.test_units" name="test_validate_email[a@b.co-True]" time="0.003" /><testcase classname="tests.test_units" name="test_validate_email[first.last+tag@uni.ac.in-True]" time="0.002" /><testcase classname="tests.test_units" name="test_validate_email[-False]" time="0.003" /><testcase classname="tests.test_units" name="test_validate_email[plain-False]" time="0.003" /><testcase classname="tests.test_units" name="test_validate_email[a@b-False]" time="0.003" /><testcase classname="tests.test_units" name="test_validate_email[a b@c.com-False]" time="0.002" /><testcase classname="tests.test_units" name="test_validate_email[a@@b.com-False]" time="0.003" /><testcase classname="tests.test_units" name="test_validate_email[xxxxxxxxxxxxxxxxxxxxxxxxxxxxxxxxxxxxxxxxxxxxxxxxxxxxxxxxxxxxxxxxxxxxxxxxxxxxxxxxxxxxxxxxxxxxxxxxxxxxxxxxxxxxxxxxxxxxxxxxxxxxxxxxxxxxxxxxxxxxxxxxxxxxxxxxxxxxxxxxxxxxxxxxxxxxxxxxxxxxxxxxxxxxxxxxxxxxxxxxxxxxxxxxxxxxxxxxxxxxxxxxxxxxxxxxxxxxxxxxxxxxxxxxxx@a.io-False]" time="0.003" /><testcase classname="tests.test_units" name="test_validate_name[A-True]" time="0.003" /><testcase classname="tests.test_units" name="test_validate_name[xxxxxxxxxxxxxxxxxxxxxxxxxxxxxxxxxxxxxxxxxxxxxxxxxxxxxxxxxxxx-True]" time="0.004" /><testcase classname="tests.test_units" name="test_validate_name[xxxxxxxxxxxxxxxxxxxxxxxxxxxxxxxxxxxxxxxxxxxxxxxxxxxxxxxxxxxxx-False]" time="0.003" /><testcase classname="tests.test_units" name="test_validate_name[-False]" time="0.002" /><testcase classname="tests.test_units" name="test_safe_next[/saved-/saved]" time="0.002" /><testcase classname="tests.test_units" name="test_safe_next[/vehicles?make=Kia-/vehicles?make=Kia]" time="0.003" /><testcase classname="tests.test_units" name="test_safe_next[-None]" time="0.003" /><testcase classname="tests.test_units" name="test_safe_next[None-None]" time="0.003" /><testcase classname="tests.test_units" name="test_safe_next[saved-None]" time="0.003" /><testcase classname="tests.test_units" name="test_safe_next[//evil.com-None]" time="0.003" /><testcase classname="tests.test_units" name="test_safe_next[https://evil.com/x-None]" time="0.003" /><testcase classname="tests.test_units" name="test_safe_next[/\\evil.com-None]" time="0.002" /><testcase classname="tests.test_units" name="test_trip_estimate" time="0.002" /><testcase classname="tests.test_units" name="test_parse_filters_defaults" time="0.002" /><testcase classname="tests.test_units" name="test_parse_filters_cleans_input" time="0.002" /><testcase classname="tests.test_units" name="test_parse_filters_truncates_long_search" time="0.002" /><testcase classname="tests.test_units" name="test_parse_filters_rejects_bad_numbers[args0]" time="0.005" /><testcase classname="tests.test_units" name="test_parse_filters_rejects_bad_numbers[args1]" time="0.003" /><testcase classname="tests.test_units" name="test_parse_filters_rejects_bad_numbers[args2]" time="0.002" /><testcase classname="tests.test_units" name="test_parse_filters_rejects_bad_numbers[args3]" time="0.003" /><testcase classname="tests.test_units" name="test_production_config_uses_scrypt" time="0.138" /><testcase classname="tests.test_units" name="test_first_run_creates_database" time="0.180" /><testcase classname="tests.test_units" name="test_init_db_command" time="0.245" /><testcase classname="tests.test_vehicles" name="test_dataset_loaded" time="0.133" /><testcase classname="tests.test_vehicles" name="test_make_names_are_trimmed" time="0.130" /><testcase classname="tests.test_vehicles" name="test_dashboard" time="0.346" /><testcase classname="tests.test_vehicles" name="test_vehicle_list_default" time="0.345" /><testcase classname="tests.test_vehicles" name="test_filters_match_database[make=Tesla-make = ?-args0]" time="0.343" /><testcase classname="tests.test_vehicles" name="test_filters_match_database[vclass=Two-seater-vehicle_class = ?-args1]" time="0.310" /><testcase classname="tests.test_vehicles" name="test_filters_match_database[year=2020-model_year = ?-args2]" time="0.376" /><testcase classname="tests.test_vehicles" name="test_filters_match_database[min_eff=6-km_per_kwh &gt;= ?-args3]" time="0.365" /><testcase classname="tests.test_vehicles" name="test_filters_match_database[make=Hyundai&amp;year=2024-make = ? AND model_year = ?-args4]" time="0.329" /><testcase classname="tests.test_vehicles" name="test_search_matches_make_or_model" time="0.253" /><testcase classname="tests.test_vehicles" name="test_sorting[efficiency-km_per_kwh-True]" time="0.266" /><testcase classname="tests.test_vehicles" name="test_sorting[efficiency_asc-km_per_kwh-False]" time="0.205" /><testcase classname="tests.test_vehicles" name="test_sorting[newest-year-True]" time="0.257" /><testcase classname="tests.test_vehicles" name="test_sorting[oldest-year-False]" time="0.530" /><testcase classname="tests.test_vehicles" name="test_sorting[power-motor_kw-True]" time="0.241" /><testcase classname="tests.test_vehicles" name="test_sorting[charge-recharge_hours-False]" time="0.227" /><testcase classname="tests.test_vehicles" name="test_pagination" time="0.194" /><testcase classname="tests.test_vehicles" name="test_page_past_end_is_clamped" time="0.229" /><testcase classname="tests.test_vehicles" name="test_bad_filter_values_redirect_with_message" time="0.347" /><testcase classname="tests.test_vehicles" name="test_no_results" time="0.315" /><testcase classname="tests.test_vehicles" name="test_vehicle_detail" time="0.275" /><testcase classname="tests.test_vehicles" name="test_vehicle_detail_cost_per_100km" time="0.356" /><testcase classname="tests.test_vehicles" name="test_vehicle_not_found" time="0.266" /><testcase classname="tests.test_vehicles" name="test_save_and_unsave" time="0.296" /><testcase classname="tests.test_vehicles" name="test_save_returns_to_safe_next_only" time="0.289" /><testcase classname="tests.test_vehicles" name="test_save_missing_vehicle" time="0.158" /><testcase classname="tests.test_vehicles" name="test_saved_page_empty" time="0.209" /><testcase classname="tests.test_vehicles" name="test_log_trip_calculates_cost" time="0.281" /><testcase classname="tests.test_vehicles" name="test_trip_custom_label_and_totals" time="0.331" /><testcase classname="tests.test_vehicles" name="test_trip_validation[vehicle_id--Pick a vehicle]" time="0.387" /><testcase classname="tests.test_vehicles" name="test_trip_validation[vehicle_id-99999-Pick a vehicle]" time="0.328" /><testcase classname="tests.test_vehicles" name="test_trip_validation[vehicle_id-abc-Pick a vehicle]" time="0.317" /><testcase classname="tests.test_vehicles" name="test_trip_validation[distance_km-0-between 0 and 5000]" time="0.265" /><testcase classname="tests.test_vehicles" name="test_trip_validation[distance_km--10-between 0 and 5000]" time="0.327" /><testcase classname="tests.test_vehicles" name="test_trip_validation[distance_km-6000-between 0 and 5000]" time="0.397" /><testcase classname="tests.test_vehicles" name="test_trip_validation[distance_km-far-between 0 and 5000]" time="0.335" /><testcase classname="tests.test_vehicles" name="test_trip_validation[price_per_kwh-0-between 0 and 100]" time="0.347" /><testcase classname="tests.test_vehicles" name="test_trip_validation[price_per_kwh-inf-between 0 and 100]" time="0.261" /><testcase classname="tests.test_vehicles" name="test_trip_validation[label-xxxxxxxxxxxxxxxxxxxxxxxxxxxxxxxxxxxxxxxxxxxxxxxxxxxxxxxxxxxxx-under 60]" time="0.302" /><testcase classname="tests.test_vehicles" name="test_delete_trip" time="0.231" /><testcase classname="tests.test_vehicles" name="test_delete_missing_trip" time="0.188" /><testcase classname="tests.test_vehicles" name="test_trip_page_preselects_vehicle" time="0.306" /></testsuite></testsuites>